// Jest Snapshot v1, https://goo.gl/fbAQLP

exports[`renders and matches snapshot 1`] = `
<DocumentFragment>
  <div
    data-testid="pick"
  >
    Make a Selection
    <button
      data-testid="pick-button"
      type="button"
    >
      a
    </button>
    <button
      data-testid="pick-button"
      type="button"
    >
      b
    </button>
    <button
      data-testid="pick-button"
      type="button"
    >
      c
    </button>
  </div>
</DocumentFragment>
`;
