// Jest Snapshot v1, https://goo.gl/fbAQLP

exports[`renders and matches snapshot 1`] = `
<DocumentFragment>
  <div>
    <div>
      <div
        class="dd-wrapper"
      >
        <div
          class="dd-header"
          role="listbox"
          tabindex="0"
        >
          <div
            class="dd-header-title"
            data-testid="dropdown"
          >
            Select a Game
          </div>
        </div>
      </div>
    </div>
    <div>
      <div>
        <div
          data-testid="restricted-drop-down"
        />
        <div
          data-testid="restricted-list"
        />
      </div>
    </div>
    <div>
      <button
        class="start-draft-button"
        data-testid="start-draft-button"
        type="button"
      >
        Start Draft!
      </button>
      <div />
      <div
        data-testid="team-list"
      />
    </div>
  </div>
</DocumentFragment>
`;
